<area shape="rect" href="$_fifo_queue_8cpp.html" title="C:/Users/Nimrod/Documents/University/2007 &#45; Semester 1/Algorithm Workshop/Project/FifoQueue.cpp" alt="" coords="5,80,619,107">
<area shape="rect" href="$_graph_8h.html" title="C:/Users/Nimrod/Documents/University/2007 &#45; Semester 1/Algorithm Workshop/Project/Graph.h" alt="" coords="643,80,1219,107">
<area shape="rect" href="$_push_relabel_8h.html" title="C:/Users/Nimrod/Documents/University/2007 &#45; Semester 1/Algorithm Workshop/Project/PushRelabel.h" alt="" coords="963,155,1576,181">
<area shape="rect" href="$_graph_8cpp.html" title="C:/Users/Nimrod/Documents/University/2007 &#45; Semester 1/Algorithm Workshop/Project/Graph.cpp" alt="" coords="299,155,888,181">
<area shape="rect" href="$_main_8cpp.html" title="C:/Users/Nimrod/Documents/University/2007 &#45; Semester 1/Algorithm Workshop/Project/Main.cpp" alt="" coords="635,229,1216,256">
<area shape="rect" href="$_push_relabel_8cpp.html" title="C:/Users/Nimrod/Documents/University/2007 &#45; Semester 1/Algorithm Workshop/Project/PushRelabel.cpp" alt="" coords="1240,229,1867,256">
