<area shape="rect" href="$_high_label_queue_8h.html" title="C:/Users/Nimrod/Documents/University/2007 &#45; Semester 1/Algorithm Workshop/Project/HighLabelQueue.h" alt="" coords="744,80,1379,107">
<area shape="rect" href="$_fifo_queue_8h.html" title="C:/Users/Nimrod/Documents/University/2007 &#45; Semester 1/Algorithm Workshop/Project/FifoQueue.h" alt="" coords="1563,80,2163,107">
<area shape="rect" href="$_priority_queue_8h.html" title="C:/Users/Nimrod/Documents/University/2007 &#45; Semester 1/Algorithm Workshop/Project/PriorityQueue.h" alt="" coords="2187,80,2805,107">
<area shape="rect" href="$_node_pool_8cpp.html" title="C:/Users/Nimrod/Documents/University/2007 &#45; Semester 1/Algorithm Workshop/Project/NodePool.cpp" alt="" coords="2829,80,3440,107">
<area shape="rect" href="$_dijkstra_queue_8h.html" title="C:/Users/Nimrod/Documents/University/2007 &#45; Semester 1/Algorithm Workshop/Project/DijkstraQueue.h" alt="" coords="12,155,633,181">
<area shape="rect" href="$_graph_8h.html" title="C:/Users/Nimrod/Documents/University/2007 &#45; Semester 1/Algorithm Workshop/Project/Graph.h" alt="" coords="1329,155,1905,181">
<area shape="rect" href="$_high_label_queue_8cpp.html" title="C:/Users/Nimrod/Documents/University/2007 &#45; Semester 1/Algorithm Workshop/Project/HighLabelQueue.cpp" alt="" coords="657,155,1305,181">
<area shape="rect" href="$_dijkstra_queue_8cpp.html" title="C:/Users/Nimrod/Documents/University/2007 &#45; Semester 1/Algorithm Workshop/Project/DijkstraQueue.cpp" alt="" coords="5,229,640,256">
<area shape="rect" href="$_graph_8cpp.html" title="C:/Users/Nimrod/Documents/University/2007 &#45; Semester 1/Algorithm Workshop/Project/Graph.cpp" alt="" coords="819,229,1408,256">
<area shape="rect" href="$_main_8cpp.html" title="C:/Users/Nimrod/Documents/University/2007 &#45; Semester 1/Algorithm Workshop/Project/Main.cpp" alt="" coords="1308,304,1889,331">
<area shape="rect" href="$_push_relabel_8h.html" title="C:/Users/Nimrod/Documents/University/2007 &#45; Semester 1/Algorithm Workshop/Project/PushRelabel.h" alt="" coords="1636,229,2249,256">
<area shape="rect" href="$_push_relabel_8cpp.html" title="C:/Users/Nimrod/Documents/University/2007 &#45; Semester 1/Algorithm Workshop/Project/PushRelabel.cpp" alt="" coords="1913,304,2540,331">
<area shape="rect" href="$_fifo_queue_8cpp.html" title="C:/Users/Nimrod/Documents/University/2007 &#45; Semester 1/Algorithm Workshop/Project/FifoQueue.cpp" alt="" coords="1980,155,2593,181">
<area shape="rect" href="$_priority_queue_8cpp.html" title="C:/Users/Nimrod/Documents/University/2007 &#45; Semester 1/Algorithm Workshop/Project/PriorityQueue.cpp" alt="" coords="2617,155,3249,181">
