<area shape="rect" href="$class_node_pool.html#88846a8f7fde7828d01fe729f1f489fa" title="NodePool::addNode" alt="" coords="257,5,393,32">
<area shape="rect" href="$class_push_relabel.html#5d2820b2746dbf22436a3c4d84b367c2" title="PushRelabel::findLowestLabelEdge" alt="" coords="213,157,437,184">
<area shape="rect" href="$class_node.html#3b28a9495c0ebfcd227fb1e188dca6f8" title="Node::getAdjList" alt="" coords="519,157,636,184">
<area shape="rect" href="$class_edge_entry.html#374c7d3568ad9fcbc3dea7563c64bffe" title="EdgeEntry::getEndPoint" alt="" coords="497,360,657,387">
<area shape="rect" href="$class_node.html#5738af23eb6fc3889274a4731040bcca" title="Node::getLabel" alt="" coords="524,259,631,285">
<area shape="rect" href="$class_edge_entry.html#60c5872d89fa2d80f49ba176073493fc" title="EdgeEntry::getNext" alt="" coords="509,208,645,235">
<area shape="rect" href="$class_edge_entry.html#bdc1b8e49f25135650b35466631e3f56" title="EdgeEntry::getResCapacity" alt="" coords="487,81,668,108">
<area shape="rect" href="$class_node.html#fa40c4e643970796fcc8dfdcfc11d08a" title="Node::getExcess" alt="" coords="517,715,637,741">
<area shape="rect" href="$class_node.html#8dd9a1d6ac9638fd1168283ad47e5127" title="Node::getID" alt="" coords="533,917,621,944">
<area shape="rect" href="$class_graph.html#6c815a4b948234d6eb473e9605b4f078" title="Graph::getPool" alt="" coords="272,461,379,488">
<area shape="rect" href="$class_graph.html#47e2353cafc68c5126245accfb214bcd" title="Graph::getSource" alt="" coords="516,411,639,437">
<area shape="rect" href="$class_graph.html#3279a230bd83be359ed70ae2dbd64801" title="Graph::getTarget" alt="" coords="519,563,636,589">
<area shape="rect" href="$class_push_relabel.html#6c8cbc0ad4affea8badd681d9dc5ce45" title="PushRelabel::isAdmissible" alt="" coords="237,309,413,336">
<area shape="rect" href="$class_push_relabel.html#a62d947dee0d2b06d222c7db59a03dd1" title="PushRelabel::push" alt="" coords="260,740,391,767">
<area shape="rect" href="$class_node.html#7b427e0d7eae912b2068f65213ff4bcd" title="Node::setLabel" alt="" coords="524,613,631,640">
<area shape="rect" href="$class_push_relabel.html#d6683830f8cccd018d73b29b94a94948" title="PushRelabel::updateLabels" alt="" coords="236,512,415,539">
<area shape="rect" href="$class_edge_entry.html#4cc05243936d64e4f1f279023e18bce1" title="EdgeEntry::isSaturated" alt="" coords="500,309,655,336">
<area shape="rect" href="$class_node.html#7612df88127483182a6c03724c5d0b59" title="Node::decExcess" alt="" coords="516,867,639,893">
<area shape="rect" href="$class_node.html#635f1fba2c7bf61cd6df95af6fe993d0" title="Node::incExcess" alt="" coords="517,765,637,792">
<area shape="rect" href="$class_utils.html#3ccd225b1c85a07722c0074ed31ebe63" title="Utils::printValue" alt="" coords="521,816,633,843">
<area shape="rect" href="$class_edge_entry.html#0f7297323768e79bc1d270198b52a882" title="EdgeEntry::push" alt="" coords="519,664,636,691">
<area shape="rect" href="$class_edge_entry.html#eae321b42dabc475785859dab6c569e7" title="EdgeEntry::incFlow" alt="" coords="719,664,852,691">
<area shape="rect" href="$class_graph.html#96bcfda4e43c6d09e2d067d001519677" title="Graph::getNodesNum" alt="" coords="504,512,651,539">
<area shape="rect" href="$class_graph.html#511b3e73342e1bea9aebf2e75fc6d473" title="Graph::setMaxDistance" alt="" coords="499,461,656,488">
