<area shape="rect" href="$class_node_pool.html#88846a8f7fde7828d01fe729f1f489fa" title="NodePool::addNode" alt="" coords="661,275,797,301">
<area shape="rect" href="$class_graph.html#44f3a9192787bf2fd80f6b35aa3d5c3e" title="Graph::debugDump" alt="" coords="187,233,320,260">
<area shape="rect" href="$class_node.html#fa40c4e643970796fcc8dfdcfc11d08a" title="Node::getExcess" alt="" coords="923,123,1043,149">
<area shape="rect" href="$class_node.html#5738af23eb6fc3889274a4731040bcca" title="Node::getLabel" alt="" coords="929,1161,1036,1188">
<area shape="rect" href="$class_push_relabel.html#c1bd4538011ff3f870171e1c6b81ab18" title="PushRelabel::flow" alt="" coords="192,1579,315,1605">
<area shape="rect" href="$class_graph.html#6c815a4b948234d6eb473e9605b4f078" title="Graph::getPool" alt="" coords="676,1845,783,1872">
<area shape="rect" href="$class_graph.html#47e2353cafc68c5126245accfb214bcd" title="Graph::getSource" alt="" coords="921,857,1044,884">
<area shape="rect" href="$class_node.html#087ca1850947e12bda1ac1de05110029" title="Node::setExcess" alt="" coords="669,224,789,251">
<area shape="rect" href="$class_push_relabel.html#d6683830f8cccd018d73b29b94a94948" title="PushRelabel::updateLabels" alt="" coords="640,1288,819,1315">
<area shape="rect" href="$class_graph.html#96bcfda4e43c6d09e2d067d001519677" title="Graph::getNodesNum" alt="" coords="909,1795,1056,1821">
<area shape="rect" href="$class_graph.html#3279a230bd83be359ed70ae2dbd64801" title="Graph::getTarget" alt="" coords="924,1693,1041,1720">
<area shape="rect" href="$class_node_pool.html#d7768888da6517d5a012569b9f439053" title="NodePool::isEmpty" alt="" coords="404,1756,537,1783">
<area shape="rect" href="$class_graph.html#2f714ac41a97960d847f87b098c68321" title="Graph::getNodeArray" alt="" coords="181,1795,325,1821">
<area shape="rect" href="$class_push_relabel.html#0aa48832b9394fcd52900eccbe9f09e7" title="PushRelabel::preflow" alt="" coords="183,1643,324,1669">
<area shape="rect" href="$class_graph.html#4569c8f0bd07b045911e85e7cf49314d" title="Graph::printGraph" alt="" coords="192,680,315,707">
<area shape="rect" href="$class_node.html#8384e555fe125e027a121ea597ce5c4f" title="Node::debugNodeDump" alt="" coords="651,173,808,200">
<area shape="rect" href="$class_node.html#b06afc516052033f763b45d8b893ce03" title="Node::getDegree" alt="" coords="924,173,1041,200">
<area shape="rect" href="$class_node.html#8dd9a1d6ac9638fd1168283ad47e5127" title="Node::getID" alt="" coords="939,325,1027,352">
<area shape="rect" href="$class_utils.html#3ccd225b1c85a07722c0074ed31ebe63" title="Utils::printValue" alt="" coords="927,376,1039,403">
<area shape="rect" href="$class_push_relabel.html#8dae1865283dde6a112bceaf97c965aa" title="PushRelabel::discharge_back" alt="" coords="375,832,567,859">
<area shape="rect" href="$class_node_pool.html#c4f3e0685287c1549c7c9bcaa9ce9043" title="NodePool::getNode" alt="" coords="404,1655,537,1681">
<area shape="rect" href="$class_node.html#7612df88127483182a6c03724c5d0b59" title="Node::decExcess" alt="" coords="921,528,1044,555">
<area shape="rect" href="$class_push_relabel.html#49a11e75d24627462623f70a4986acd6" title="PushRelabel::findClosestPushBack" alt="" coords="616,984,843,1011">
<area shape="rect" href="$class_node.html#3b28a9495c0ebfcd227fb1e188dca6f8" title="Node::getAdjList" alt="" coords="924,1389,1041,1416">
<area shape="rect" href="$class_edge_entry.html#0848d5d3829f62d24a5bb7b86870f593" title="EdgeEntry::getCapacity" alt="" coords="903,680,1063,707">
<area shape="rect" href="$class_edge_entry.html#374c7d3568ad9fcbc3dea7563c64bffe" title="EdgeEntry::getEndPoint" alt="" coords="1124,1035,1284,1061">
<area shape="rect" href="$class_edge_entry.html#f7b69902699818dcaf5c6ea2dfffedfe" title="EdgeEntry::getFlow" alt="" coords="915,933,1051,960">
<area shape="rect" href="$class_edge_entry.html#60c5872d89fa2d80f49ba176073493fc" title="EdgeEntry::getNext" alt="" coords="915,1085,1051,1112">
<area shape="rect" href="$class_node.html#635f1fba2c7bf61cd6df95af6fe993d0" title="Node::incExcess" alt="" coords="923,579,1043,605">
<area shape="rect" href="$class_edge_entry.html#0f7297323768e79bc1d270198b52a882" title="EdgeEntry::push" alt="" coords="924,427,1041,453">
<area shape="rect" href="$class_node.html#7b427e0d7eae912b2068f65213ff4bcd" title="Node::setLabel" alt="" coords="929,1339,1036,1365">
<area shape="rect" href="$class_edge_entry.html#b0ade38456d11dafa30f9ab8abbba865" title="EdgeEntry::isReverseEdge" alt="" coords="895,1035,1071,1061">
<area shape="rect" href="$class_edge_entry.html#eae321b42dabc475785859dab6c569e7" title="EdgeEntry::incFlow" alt="" coords="1137,427,1271,453">
<area shape="rect" href="$class_graph.html#511b3e73342e1bea9aebf2e75fc6d473" title="Graph::setMaxDistance" alt="" coords="904,1237,1061,1264">
<area shape="rect" href="$class_push_relabel.html#ee009b85b77a976e53695ca121d19068" title="PushRelabel::discharge" alt="" coords="392,1440,549,1467">
<area shape="rect" href="$class_push_relabel.html#5d2820b2746dbf22436a3c4d84b367c2" title="PushRelabel::findLowestLabelEdge" alt="" coords="617,1491,841,1517">
<area shape="rect" href="$class_edge_entry.html#bdc1b8e49f25135650b35466631e3f56" title="EdgeEntry::getResCapacity" alt="" coords="892,1516,1073,1543">
<area shape="rect" href="$class_push_relabel.html#6c8cbc0ad4affea8badd681d9dc5ce45" title="PushRelabel::isAdmissible" alt="" coords="641,1643,817,1669">
<area shape="rect" href="$class_push_relabel.html#a62d947dee0d2b06d222c7db59a03dd1" title="PushRelabel::push" alt="" coords="664,477,795,504">
<area shape="rect" href="$class_edge_entry.html#4cc05243936d64e4f1f279023e18bce1" title="EdgeEntry::isSaturated" alt="" coords="905,1592,1060,1619">
<area shape="rect" href="$class_node.html#61ebf57072e40bc120434d11017ec349" title="Node::printNode" alt="" coords="672,629,787,656">
