<area shape="rect" href="$_dijkstra_queue_8h.html" title="C:/Users/Nimrod/Documents/University/2007 &#45; Semester 1/Algorithm Workshop/Project/DijkstraQueue.h" alt="" coords="357,80,979,107">
<area shape="rect" href="$_graph_8h.html" title="C:/Users/Nimrod/Documents/University/2007 &#45; Semester 1/Algorithm Workshop/Project/Graph.h" alt="" coords="1003,80,1579,107">
<area shape="rect" href="$_high_label_queue_8cpp.html" title="C:/Users/Nimrod/Documents/University/2007 &#45; Semester 1/Algorithm Workshop/Project/HighLabelQueue.cpp" alt="" coords="1603,80,2251,107">
<area shape="rect" href="$_dijkstra_queue_8cpp.html" title="C:/Users/Nimrod/Documents/University/2007 &#45; Semester 1/Algorithm Workshop/Project/DijkstraQueue.cpp" alt="" coords="5,155,640,181">
<area shape="rect" href="$_graph_8cpp.html" title="C:/Users/Nimrod/Documents/University/2007 &#45; Semester 1/Algorithm Workshop/Project/Graph.cpp" alt="" coords="664,155,1253,181">
<area shape="rect" href="$_main_8cpp.html" title="C:/Users/Nimrod/Documents/University/2007 &#45; Semester 1/Algorithm Workshop/Project/Main.cpp" alt="" coords="1000,229,1581,256">
<area shape="rect" href="$_push_relabel_8h.html" title="C:/Users/Nimrod/Documents/University/2007 &#45; Semester 1/Algorithm Workshop/Project/PushRelabel.h" alt="" coords="1328,155,1941,181">
<area shape="rect" href="$_push_relabel_8cpp.html" title="C:/Users/Nimrod/Documents/University/2007 &#45; Semester 1/Algorithm Workshop/Project/PushRelabel.cpp" alt="" coords="1605,229,2232,256">
