<area shape="rect" href="$class_push_relabel.html#ea841f5da2e150ae5c357803eaf0b743" title="PushRelabel::calc" alt="" coords="105,1404,231,1431">
<area shape="rect" href="$class_push_relabel.html#881395fdfaa68aa0afb207bb9841bc09" title="PushRelabel::dijkstraPath" alt="" coords="484,733,655,760">
<area shape="rect" href="$class_graph.html#29d2df75bbb957d2b0da633d317d12db" title="Graph::incPrevPathCap" alt="" coords="751,49,905,76">
<area shape="rect" href="$class_node_pool.html#88846a8f7fde7828d01fe729f1f489fa" title="NodePool::addNode" alt="" coords="760,1671,896,1697">
<area shape="rect" href="$class_graph.html#44f3a9192787bf2fd80f6b35aa3d5c3e" title="Graph::debugDump" alt="" coords="285,759,419,785">
<area shape="rect" href="$class_node.html#fa40c4e643970796fcc8dfdcfc11d08a" title="Node::getExcess" alt="" coords="1021,429,1141,456">
<area shape="rect" href="$class_node.html#5738af23eb6fc3889274a4731040bcca" title="Node::getLabel" alt="" coords="1028,1671,1135,1697">
<area shape="rect" href="$class_push_relabel.html#c1bd4538011ff3f870171e1c6b81ab18" title="PushRelabel::flow" alt="" coords="291,1353,413,1380">
<area shape="rect" href="$class_graph.html#6c815a4b948234d6eb473e9605b4f078" title="Graph::getPool" alt="" coords="775,2481,881,2508">
<area shape="rect" href="$class_graph.html#47e2353cafc68c5126245accfb214bcd" title="Graph::getSource" alt="" coords="1020,2228,1143,2255">
<area shape="rect" href="$class_node.html#087ca1850947e12bda1ac1de05110029" title="Node::setExcess" alt="" coords="768,860,888,887">
<area shape="rect" href="$class_push_relabel.html#d6683830f8cccd018d73b29b94a94948" title="PushRelabel::updateLabels" alt="" coords="739,2025,917,2052">
<area shape="rect" href="$class_graph.html#96bcfda4e43c6d09e2d067d001519677" title="Graph::getNodesNum" alt="" coords="1008,1012,1155,1039">
<area shape="rect" href="$class_graph.html#3279a230bd83be359ed70ae2dbd64801" title="Graph::getTarget" alt="" coords="1023,2355,1140,2381">
<area shape="rect" href="$class_node_pool.html#d7768888da6517d5a012569b9f439053" title="NodePool::isEmpty" alt="" coords="1015,195,1148,221">
<area shape="rect" href="$class_graph.html#2f714ac41a97960d847f87b098c68321" title="Graph::getNodeArray" alt="" coords="280,2025,424,2052">
<area shape="rect" href="$class_push_relabel.html#0aa48832b9394fcd52900eccbe9f09e7" title="PushRelabel::preflow" alt="" coords="281,1493,423,1520">
<area shape="rect" href="$class_graph.html#4569c8f0bd07b045911e85e7cf49314d" title="Graph::printGraph" alt="" coords="291,1277,413,1304">
<area shape="rect" href="$class_node.html#8384e555fe125e027a121ea597ce5c4f" title="Node::debugNodeDump" alt="" coords="749,505,907,532">
<area shape="rect" href="$class_node.html#b06afc516052033f763b45d8b893ce03" title="Node::getDegree" alt="" coords="1023,505,1140,532">
<area shape="rect" href="$class_node.html#8dd9a1d6ac9638fd1168283ad47e5127" title="Node::getID" alt="" coords="1037,607,1125,633">
<area shape="rect" href="$class_utils.html#3ccd225b1c85a07722c0074ed31ebe63" title="Utils::printValue" alt="" coords="1025,556,1137,583">
<area shape="rect" href="$class_push_relabel.html#8dae1865283dde6a112bceaf97c965aa" title="PushRelabel::discharge_back" alt="" coords="473,1341,665,1368">
<area shape="rect" href="$class_node_pool.html#c4f3e0685287c1549c7c9bcaa9ce9043" title="NodePool::getNode" alt="" coords="503,1392,636,1419">
<area shape="rect" href="$class_node.html#7612df88127483182a6c03724c5d0b59" title="Node::decExcess" alt="" coords="1020,759,1143,785">
<area shape="rect" href="$class_push_relabel.html#49a11e75d24627462623f70a4986acd6" title="PushRelabel::findClosestPushBack" alt="" coords="715,1265,941,1292">
<area shape="rect" href="$class_node.html#3b28a9495c0ebfcd227fb1e188dca6f8" title="Node::getAdjList" alt="" coords="1023,1392,1140,1419">
<area shape="rect" href="$class_edge_entry.html#0848d5d3829f62d24a5bb7b86870f593" title="EdgeEntry::getCapacity" alt="" coords="1001,1215,1161,1241">
<area shape="rect" href="$class_edge_entry.html#374c7d3568ad9fcbc3dea7563c64bffe" title="EdgeEntry::getEndPoint" alt="" coords="1253,1113,1413,1140">
<area shape="rect" href="$class_edge_entry.html#f7b69902699818dcaf5c6ea2dfffedfe" title="EdgeEntry::getFlow" alt="" coords="1013,1113,1149,1140">
<area shape="rect" href="$class_edge_entry.html#60c5872d89fa2d80f49ba176073493fc" title="EdgeEntry::getNext" alt="" coords="1013,1316,1149,1343">
<area shape="rect" href="$class_node.html#635f1fba2c7bf61cd6df95af6fe993d0" title="Node::incExcess" alt="" coords="1021,911,1141,937">
<area shape="rect" href="$class_edge_entry.html#0f7297323768e79bc1d270198b52a882" title="EdgeEntry::push" alt="" coords="1023,1924,1140,1951">
<area shape="rect" href="$class_node.html#7b427e0d7eae912b2068f65213ff4bcd" title="Node::setLabel" alt="" coords="1028,2076,1135,2103">
<area shape="rect" href="$class_edge_entry.html#b0ade38456d11dafa30f9ab8abbba865" title="EdgeEntry::isReverseEdge" alt="" coords="993,961,1169,988">
<area shape="rect" href="$class_edge_entry.html#eae321b42dabc475785859dab6c569e7" title="EdgeEntry::incFlow" alt="" coords="1267,1924,1400,1951">
<area shape="rect" href="$class_graph.html#511b3e73342e1bea9aebf2e75fc6d473" title="Graph::setMaxDistance" alt="" coords="1003,2025,1160,2052">
<area shape="rect" href="$class_push_relabel.html#ee009b85b77a976e53695ca121d19068" title="PushRelabel::discharge" alt="" coords="491,1721,648,1748">
<area shape="rect" href="$class_push_relabel.html#5d2820b2746dbf22436a3c4d84b367c2" title="PushRelabel::findLowestLabelEdge" alt="" coords="716,1569,940,1596">
<area shape="rect" href="$class_edge_entry.html#bdc1b8e49f25135650b35466631e3f56" title="EdgeEntry::getResCapacity" alt="" coords="991,1569,1172,1596">
<area shape="rect" href="$class_push_relabel.html#6c8cbc0ad4affea8badd681d9dc5ce45" title="PushRelabel::isAdmissible" alt="" coords="740,1924,916,1951">
<area shape="rect" href="$class_push_relabel.html#a62d947dee0d2b06d222c7db59a03dd1" title="PushRelabel::push" alt="" coords="763,657,893,684">
<area shape="rect" href="$class_node.html#61ebf57072e40bc120434d11017ec349" title="Node::printNode" alt="" coords="771,1164,885,1191">
<area shape="rect" href="$class_graph.html#05a31218489103e59bf613696ca2f503" title="Graph::dijkstra" alt="" coords="775,708,881,735">
<area shape="rect" href="$class_dijkstra_queue.html#b4f0b61cd00309e8d2fc3556ab2a9f8a" title="DijkstraQueue::addNode" alt="" coords="1000,708,1163,735">
<area shape="rect" href="$class_dijkstra_queue.html#730807615d66673e3414ac02bf4c7f7d" title="DijkstraQueue::getNode" alt="" coords="1001,809,1161,836">
<area shape="rect" href="$class_high_label_queue_1_1_d_list.html#f89932676d5825eee9822a9291cbf77e" title="HighLabelQueue::DList::insertFront" alt="" coords="1221,708,1445,735">
<area shape="rect" href="$class_edge_entry.html#5bae7ad85250d2534d5f128a119ef60e" title="EdgeEntry::getReverse" alt="" coords="1004,56,1159,83">
<area shape="rect" href="$class_edge_entry.html#1f3bedb95c09976786ba8b03a5841fbb" title="EdgeEntry::incCapacity" alt="" coords="1003,5,1160,32">
