<area shape="rect" href="$_node_pool_8h.html" title="C:/Users/Nimrod/Documents/University/2007 &#45; Semester 1/Algorithm Workshop/Project/NodePool.h" alt="" coords="1881,80,2476,107">
<area shape="rect" href="$_node_8cpp.html" title="C:/Users/Nimrod/Documents/University/2007 &#45; Semester 1/Algorithm Workshop/Project/Node.cpp" alt="" coords="2500,80,3084,107">
<area shape="rect" href="$_high_label_queue_8h.html" title="C:/Users/Nimrod/Documents/University/2007 &#45; Semester 1/Algorithm Workshop/Project/HighLabelQueue.h" alt="" coords="744,155,1379,181">
<area shape="rect" href="$_fifo_queue_8h.html" title="C:/Users/Nimrod/Documents/University/2007 &#45; Semester 1/Algorithm Workshop/Project/FifoQueue.h" alt="" coords="1563,155,2163,181">
<area shape="rect" href="$_priority_queue_8h.html" title="C:/Users/Nimrod/Documents/University/2007 &#45; Semester 1/Algorithm Workshop/Project/PriorityQueue.h" alt="" coords="2187,155,2805,181">
<area shape="rect" href="$_node_pool_8cpp.html" title="C:/Users/Nimrod/Documents/University/2007 &#45; Semester 1/Algorithm Workshop/Project/NodePool.cpp" alt="" coords="2829,155,3440,181">
<area shape="rect" href="$_dijkstra_queue_8h.html" title="C:/Users/Nimrod/Documents/University/2007 &#45; Semester 1/Algorithm Workshop/Project/DijkstraQueue.h" alt="" coords="12,229,633,256">
<area shape="rect" href="$_graph_8h.html" title="C:/Users/Nimrod/Documents/University/2007 &#45; Semester 1/Algorithm Workshop/Project/Graph.h" alt="" coords="1329,229,1905,256">
<area shape="rect" href="$_high_label_queue_8cpp.html" title="C:/Users/Nimrod/Documents/University/2007 &#45; Semester 1/Algorithm Workshop/Project/HighLabelQueue.cpp" alt="" coords="657,229,1305,256">
<area shape="rect" href="$_dijkstra_queue_8cpp.html" title="C:/Users/Nimrod/Documents/University/2007 &#45; Semester 1/Algorithm Workshop/Project/DijkstraQueue.cpp" alt="" coords="5,304,640,331">
<area shape="rect" href="$_graph_8cpp.html" title="C:/Users/Nimrod/Documents/University/2007 &#45; Semester 1/Algorithm Workshop/Project/Graph.cpp" alt="" coords="819,304,1408,331">
<area shape="rect" href="$_main_8cpp.html" title="C:/Users/Nimrod/Documents/University/2007 &#45; Semester 1/Algorithm Workshop/Project/Main.cpp" alt="" coords="1308,379,1889,405">
<area shape="rect" href="$_push_relabel_8h.html" title="C:/Users/Nimrod/Documents/University/2007 &#45; Semester 1/Algorithm Workshop/Project/PushRelabel.h" alt="" coords="1636,304,2249,331">
<area shape="rect" href="$_push_relabel_8cpp.html" title="C:/Users/Nimrod/Documents/University/2007 &#45; Semester 1/Algorithm Workshop/Project/PushRelabel.cpp" alt="" coords="1913,379,2540,405">
<area shape="rect" href="$_fifo_queue_8cpp.html" title="C:/Users/Nimrod/Documents/University/2007 &#45; Semester 1/Algorithm Workshop/Project/FifoQueue.cpp" alt="" coords="1980,229,2593,256">
<area shape="rect" href="$_priority_queue_8cpp.html" title="C:/Users/Nimrod/Documents/University/2007 &#45; Semester 1/Algorithm Workshop/Project/PriorityQueue.cpp" alt="" coords="2617,229,3249,256">
