<area shape="rect" href="$_graph_8h.html" title="C:/Users/Nimrod/Documents/University/2007 &#45; Semester 1/Algorithm Workshop/Project/Graph.h" alt="" coords="344,80,920,107">
<area shape="rect" href="$_priority_queue_8cpp.html" title="C:/Users/Nimrod/Documents/University/2007 &#45; Semester 1/Algorithm Workshop/Project/PriorityQueue.cpp" alt="" coords="944,80,1576,107">
<area shape="rect" href="$_graph_8cpp.html" title="C:/Users/Nimrod/Documents/University/2007 &#45; Semester 1/Algorithm Workshop/Project/Graph.cpp" alt="" coords="5,155,595,181">
<area shape="rect" href="$_main_8cpp.html" title="C:/Users/Nimrod/Documents/University/2007 &#45; Semester 1/Algorithm Workshop/Project/Main.cpp" alt="" coords="341,229,923,256">
<area shape="rect" href="$_push_relabel_8h.html" title="C:/Users/Nimrod/Documents/University/2007 &#45; Semester 1/Algorithm Workshop/Project/PushRelabel.h" alt="" coords="669,155,1283,181">
<area shape="rect" href="$_push_relabel_8cpp.html" title="C:/Users/Nimrod/Documents/University/2007 &#45; Semester 1/Algorithm Workshop/Project/PushRelabel.cpp" alt="" coords="947,229,1573,256">
