<area shape="rect" href="$class_node_pool.html#88846a8f7fde7828d01fe729f1f489fa" title="NodePool::addNode" alt="" coords="293,5,429,32">
<area shape="rect" href="$class_node.html#7612df88127483182a6c03724c5d0b59" title="Node::decExcess" alt="" coords="300,56,423,83">
<area shape="rect" href="$class_push_relabel.html#49a11e75d24627462623f70a4986acd6" title="PushRelabel::findClosestPushBack" alt="" coords="248,259,475,285">
<area shape="rect" href="$class_node.html#3b28a9495c0ebfcd227fb1e188dca6f8" title="Node::getAdjList" alt="" coords="552,360,669,387">
<area shape="rect" href="$class_edge_entry.html#0848d5d3829f62d24a5bb7b86870f593" title="EdgeEntry::getCapacity" alt="" coords="531,157,691,184">
<area shape="rect" href="$class_edge_entry.html#374c7d3568ad9fcbc3dea7563c64bffe" title="EdgeEntry::getEndPoint" alt="" coords="748,284,908,311">
<area shape="rect" href="$class_edge_entry.html#f7b69902699818dcaf5c6ea2dfffedfe" title="EdgeEntry::getFlow" alt="" coords="543,208,679,235">
<area shape="rect" href="$class_node.html#5738af23eb6fc3889274a4731040bcca" title="Node::getLabel" alt="" coords="557,411,664,437">
<area shape="rect" href="$class_edge_entry.html#60c5872d89fa2d80f49ba176073493fc" title="EdgeEntry::getNext" alt="" coords="543,461,679,488">
<area shape="rect" href="$class_node.html#fa40c4e643970796fcc8dfdcfc11d08a" title="Node::getExcess" alt="" coords="301,461,421,488">
<area shape="rect" href="$class_node.html#8dd9a1d6ac9638fd1168283ad47e5127" title="Node::getID" alt="" coords="317,512,405,539">
<area shape="rect" href="$class_graph.html#6c815a4b948234d6eb473e9605b4f078" title="Graph::getPool" alt="" coords="308,563,415,589">
<area shape="rect" href="$class_graph.html#47e2353cafc68c5126245accfb214bcd" title="Graph::getSource" alt="" coords="549,563,672,589">
<area shape="rect" href="$class_node.html#635f1fba2c7bf61cd6df95af6fe993d0" title="Node::incExcess" alt="" coords="301,664,421,691">
<area shape="rect" href="$class_edge_entry.html#0f7297323768e79bc1d270198b52a882" title="EdgeEntry::push" alt="" coords="552,816,669,843">
<area shape="rect" href="$class_node.html#087ca1850947e12bda1ac1de05110029" title="Node::setExcess" alt="" coords="301,765,421,792">
<area shape="rect" href="$class_node.html#7b427e0d7eae912b2068f65213ff4bcd" title="Node::setLabel" alt="" coords="557,867,664,893">
<area shape="rect" href="$class_push_relabel.html#d6683830f8cccd018d73b29b94a94948" title="PushRelabel::updateLabels" alt="" coords="272,715,451,741">
<area shape="rect" href="$class_edge_entry.html#b0ade38456d11dafa30f9ab8abbba865" title="EdgeEntry::isReverseEdge" alt="" coords="523,309,699,336">
<area shape="rect" href="$class_edge_entry.html#eae321b42dabc475785859dab6c569e7" title="EdgeEntry::incFlow" alt="" coords="761,816,895,843">
<area shape="rect" href="$class_graph.html#96bcfda4e43c6d09e2d067d001519677" title="Graph::getNodesNum" alt="" coords="537,613,684,640">
<area shape="rect" href="$class_graph.html#3279a230bd83be359ed70ae2dbd64801" title="Graph::getTarget" alt="" coords="552,664,669,691">
<area shape="rect" href="$class_graph.html#511b3e73342e1bea9aebf2e75fc6d473" title="Graph::setMaxDistance" alt="" coords="532,715,689,741">
