<area shape="rect" href="$class_node.html#7612df88127483182a6c03724c5d0b59" title="Node::decExcess" alt="" coords="204,5,327,32">
<area shape="rect" href="$class_edge_entry.html#374c7d3568ad9fcbc3dea7563c64bffe" title="EdgeEntry::getEndPoint" alt="" coords="185,56,345,83">
<area shape="rect" href="$class_node.html#fa40c4e643970796fcc8dfdcfc11d08a" title="Node::getExcess" alt="" coords="205,107,325,133">
<area shape="rect" href="$class_node.html#8dd9a1d6ac9638fd1168283ad47e5127" title="Node::getID" alt="" coords="221,157,309,184">
<area shape="rect" href="$class_node.html#635f1fba2c7bf61cd6df95af6fe993d0" title="Node::incExcess" alt="" coords="205,208,325,235">
<area shape="rect" href="$class_utils.html#3ccd225b1c85a07722c0074ed31ebe63" title="Utils::printValue" alt="" coords="209,259,321,285">
<area shape="rect" href="$class_edge_entry.html#0f7297323768e79bc1d270198b52a882" title="EdgeEntry::push" alt="" coords="207,309,324,336">
<area shape="rect" href="$class_edge_entry.html#eae321b42dabc475785859dab6c569e7" title="EdgeEntry::incFlow" alt="" coords="396,309,529,336">
